Xv, Xv, Ai, Ai, Aa, Gg, Gg, Rp, Rp, Xv, Rp, Rp, Gg, Gg, Aa, Ai, Ai, Xv, Xv
Xv, Xv, Ms^Vhh, Ai, Ha, 2 Gg, Gg^Fpa, Aa^Fma, Aa^Fpa, Xv, Aa^Fpa, Aa^Fma, Gg^Fpa, 4 Gg, Ha, Ai, Ms^Vhh, Xv, Xv
Xv, Xv, Aa, Ai, Wwf, Gs, Gs, Ha, Gg, Xv, Gg, Ha, Gs, Gs, Wwf, Ai, Aa, Xv, Xv
Xv, Xv, Hhd, Hhd^Fp, Hh^Fp, Wwf, Wwf, Ds, Mm, Xv, Gg, Ds, Wwf, Wwf, Hh^Fp, Hhd^Fp, Hhd, Xv, Xv
Xv, Xv, Gs, Gg^Uf, Ds, Gs, Wwf, Gg^Uf, Ds, Xv, Ds, Gg^Uf, Wwf, Gs, Ds, Gg^Uf, Gs, Xv, Xv
Xv, Xv, Rrc, Rrc, Ss, Gll^Fdw, Wwf, Hh, Ms, Xv, Ms, Hh, Wwf, Gll^Fdw, Ss, Rrc, Rrc, Xv, Xv
Xv, Xv, Ss, Gg, Wwrg, Wwf, Ds, Gs^Vh, Ha, Xv, Ha, Gs^Vh, Ds, Wwf, Wwrg, Gg, Ss, Xv, Xv
Xv, Xv, Gg, Hh, Wwf, Gll^Fdw, Gg^Uf, Hh, Kha, Xv, Kha, Hh, Gg^Uf, Gll^Fdw, Wwf, Hh, Gg, Xv, Xv
Xv, Xv, Gs, Gg^Efm, Ss, Wwf, Wwf, Dd^Do, Kha, Xv, Kha, Dd^Do, Wwf, Wwf, Ss, Gg^Efm, Gs, Xv, Xv
Xv, Xv, Gll^Fp, Gll^Fp, Gg^Uf, Hhd, Gg, Wwf, Kha, Xv, Kha, Wwf, Gg, Hhd, Gg^Uf, Gll^Fp, Gll^Fp, Xv, Xv
Xv, Xv, Gs, Hh^Vhh, Hh, Mm, Wwf, Wwf, Rp, Xv, Rp, Wwf, Wwf, Mm, Hh, Hh^Vhh, Gs, Xv, Xv
Xv, Xv, Gg, Ss, Wwf, Wwf, Gd, Rp, Gg^Uf, Xv, Gg^Uf, Rp, Gd, Wwf, Wwf, Ss, Gg, Xv, Xv
Xv, Xv, Gg, Hh, Wwf, Gg, Gg^Uf, Ds, Dd^Do, Xv, Dd^Do, Ds, Gg^Uf, Gg, Wwf, Hh, Gg, Xv, Xv
Xv, Xv, Wwf, Wwf, Rrc, Wwf, Wwf, Mm, Ds, Xv, Ds, Mm, Wwf, Wwf, Rrc, Wwf, Wwf, Xv, Xv
Xv, Xv, Wwf, Hh, Dd^Do, Hh, Wwrg, Dd^Vdt, Ds, Xv, Ds, Dd^Vdt, Wwrg, Hh, Dd^Do, Hh, Wwf, Xv, Xv
Xv, Xv, Chw^Kov, Gs, Wwf, Wwf, Gd, Gg^Fp, Gd, Xv, Gd, Gg^Fp, Gd, Wwf, Wwf, Gs, Chw^Kov, Xv, Xv
Xv, Xv, Chw^Kov, Wwf, Hh^Fp, Ds, Hhd, Gg^Efm, Ss, Xv, Ss, Gg^Efm, Hhd, Ds, Hh^Fp, Wwf, Chw^Kov, Xv, Xv
Xv, Xv, Chw^Kov, Hh^Fp, Ds, Gg^Uf, Gd, Dd^Do, Hh, Xv, Hh, Dd^Do, Gd, Gg^Uf, Ds, Hh^Fp, Chw^Kov, Xv, Xv
Xv, Xv, Gs, Wwf, Wwf, Ss, Gg^Fp, Gg^Uf, Ds, Xv, Ds, Gg^Uf, Gg^Fp, Ss, Wwf, Wwf, Gs, Xv, Xv
Xv, Xv, Gg^Uf, Hh^Fp, Ss, Wwf, Wwf, Gg^Fp, Wwf, Xv, Wwf, Gg^Fp, Wwf, Wwf, Ss, Hh^Fp, Gg^Uf, Xv, Xv
Xv, Xv, Gs, Hh, Ss, Gs^Gvs, Wwf, Ww^Vm, Dd^Ftd, Xv, Dd^Ftd, Ww^Vm, Wwf, Gs^Gvs, Ss, Hh, Gs, Xv, Xv
Xv, Xv, Mm, Gg^Uf, Hhd, Ds, Gs, Wwf, Wwf, Xv, Wwf, Wwf, Gs, Ds, Hhd, Gg^Uf, Mm, Xv, Xv
Xv, Xv, Gll^Fdf, Gd, Gs, Dd^Do, Gg^Fdf, Hh, Wwf, Xv, Wwf, Hh, Gg^Fdf, Dd^Do, Gs, Gd, Gll^Fdf, Xv, Xv
Xv, Xv, Gg^Uf, Gg^Fmf, Gg, Gg, Wwf, Wwf, Kh, Xv, Kh, Wwf, Wwf, Gg, Gg, Gg^Fmf, Gg^Uf, Xv, Xv
Xv, Xv, Gg, Hh, Wwf, Wwf, Hh, Gs, Kh, Xv, Kh, Gs, Hh, Wwf, Wwf, Hh, Gg, Xv, Xv
Xv, Xv, Wwf, Hh^Vhh, Wwf, Ss, Rp, Hhd, Kh, Xv, Kh, Hhd, Rp, Ss, Wwf, Hh^Vhh, Wwf, Xv, Xv
Xv, Xv, Gg^Fdf, Wwf, Wwf, Ds, Ss, Hhd, Gd, Xv, Gd, Hhd, Ss, Ds, Wwf, Wwf, Gg^Fdf, Xv, Xv
Xv, Xv, Hh, Gs, Ss, Wwf, Wwf, Ds, Hh^Fdf, Xv, Hh^Fdf, Ds, Wwf, Wwf, Ss, Gs, Hh, Xv, Xv
Xv, Xv, Ss, Hh, Gg^Uf, Gg, Wwf, Gs, Mm, Xv, Mm, Gs, Wwf, Gg, Gg^Uf, Hh, Ss, Xv, Xv
Xv, Xv, Gs, Dd^Do, Wwf, Wwf, Hh, Gs, Rp, Xv, Rp, Gs, Hh, Wwf, Wwf, Dd^Do, Gs, Xv, Xv
Xv, Xv, Hh^Fp, Gs, Wwf, Gg, Hh, Gg^Fms, Gg^Fds, Xv, Gg^Fds, Gg^Fms, Hh, Gg, Wwf, Gs, Hh^Fp, Xv, Xv
Xv, Xv, Kh, Gg, Hh^Fp, Wwrg, Ds, Gg^Ve, Gg^Fds, Xv, Gg^Fds, Gg^Ve, Ds, Wwrg, Hh^Fp, Gg, Kh, Xv, Xv
Xv, Xv, Kh, Gd^Fts, Rp, Wwf, Gd, Gd, Gg^Fms, Xv, Gg^Fms, Gd, Gd, Wwf, Rp, Gd^Fts, Kh, Xv, Xv
Xv, Xv, Kh, Gg, Wwf, Wwf, Hh, Gs, Gs, Xv, Gs, Gs, Hh, Wwf, Wwf, Gg, Kh, Xv, Xv
Xv, Xv, Hh^Fp, Wwf, Gd^Fts, Gd^Fts, Ds, Gd^Fts, Dd^Do, Xv, Dd^Do, Gd^Fts, Ds, Gd^Fts, Gd^Fts, Wwf, Hh^Fp, Xv, Xv
Xv, Xv, Wwf, Wwf, Rp, Gs, Ds, Gd^Fts, Gs, Xv, Gs, Gd^Fts, Ds, Gs, Rp, Wwf, Wwf, Xv, Xv
Xv, Xv, Wwrg, Rp, Gs, Ds, Hhd, Dd^Vda, Dd^Ftd, Xv, Dd^Ftd, Dd^Vda, Hhd, Ds, Gs, Rp, Wwrg, Xv, Xv
Xv, Xv, Wwf, Gg^Ft, Wwf, Hhd, Ds, Gd, Ds, Xv, Ds, Gd, Ds, Hhd, Wwf, Gg^Ft, Wwf, Xv, Xv
Xv, Xv, Gs, Wwf, Mm, Wwf, Wwf, Gd, Hhd, Xv, Hhd, Gd, Wwf, Wwf, Mm, Wwf, Gs, Xv, Xv
Xv, Xv, Hh, Dd^Do, Gs, Ss, Hh, Wwf, 1 Kh, Xv, 3 Kh, Wwf, Hh, Ss, Gs, Dd^Do, Hh, Xv, Xv
Xv, Xv, Ds, Rp, Gs, Gs, Ds, Wwf, Kh, Xv, Kh, Wwf, Ds, Gs, Gs, Rp, Ds, Xv, Xv
Xv, Xv, Gs, Hh^Ft, Wwf, Mm, Wwf, Gs, Gg, Xv, Gs, Gs, Wwf, Mm, Wwf, Hh^Ft, Gs, Xv, Xv
Xv, Xv, Gg, Gs, Rp, Rp, Gg, Gg, Gg, Xv, Gg, Gg, Gg, Rp, Rp, Gs, Gg, Xv, Xv
