Aa, Ai, Gll, Gll, Gll^Emf, Gg, Aa, Gll, Xv, Gll, Aa, Gg, Gll^Emf, Gll, Gll, Ai, Aa
Aa, Wwf, Gll, 2 Gll, Gll, Gll, Gll, Aa, Xv, Aa, Gll, Gll, Gll, 4 Gll, Gll, Wwf, Aa
Gll, Wwf, Wwf, Gll, Gll, Gll, Gll, Gll, Xv, Gll, Gll, Gll, Gll, Gll, Wwf, Wwf, Gll
Wwf, Gll, Gll, Wwf, Wwf^Bsb|, Wwf, Wwf, Gll, Xv, Gll, Wwf, Wwf, Wwf^Bsb|, Wwf, Gll, Gll, Wwf
Gll, Wwf, Wwf^Bsb/, Gll, Gll, Gll, Wwf, Gll, Xv, Gll, Wwf, Gll, Gll, Gll, Wwf^Bsb\, Wwf, Gll
Gd, Gll, Wwf, Gd, Gd, Gll, Wwf, Gll, Xv, Gll, Wwf, Gll, Gd, Gd, Wwf, Gll, Gd
Gd, Gd, Wwf, Hhd, Gd, Gd, Wwf, Uu^Uf, Xv, Uu^Uf, Wwf, Gd, Gd, Hhd, Wwf, Gd, Gd
Gd, Mm, Gs^Vh, Gll^Fp, Wwf, Wwf, Gd, Gd, Xv, Gd, Gd, Wwf, Wwf, Gll^Fp, Gs^Vh, Mm, Gd
Gd, Hhd, Wwf, Wwf, Gd, Hhd, Gs, Gll^Fp, Xv, Gll^Fp, Gs, Hhd, Gd, Wwf, Wwf, Hhd, Gd
Gs, Dd^Do, Wwf, Gd, Hh, Gs, Gs^Vh, Gs, Xv, Gs, Gs^Vh, Gs, Hh, Gd, Wwf, Dd^Do, Gs
Gs, Gs, Gs^Fms, Wwf, Gs, Gs^Fms, Gs, Hh, Xv, Hh, Gs, Gs^Fms, Gs, Wwf, Gs^Fms, Gs, Gs
Gs, Gs^Vh, Gs, Wwf, Wwf, Gs, Hh, Gs, Xv, Gs, Hh, Gs, Wwf, Wwf, Gs, Gs^Vh, Gs
Gg, Gg, Gll^Ftr, Gs, Gg, Wwf, Hh, Dd^Do, Xv, Dd^Do, Hh, Wwf, Gg, Gs, Gll^Ftr, Gg, Gg
Gs^Ft, Gg, Gg, Ch, 1 Kh, Ch, Gg, Gs^Ft, Xv, Gs^Ft, Gg, Ch, 3 Kh, Ch, Gg, Gg, Gs^Ft
Gg, Dd^Ftd, Gg, Gll^Ftr, Gg, Gs^Ft, Gg, Gs^Ft, Xv, Gs^Ft, Gg, Gs^Ft, Gg, Gll^Ftr, Gg, Dd^Ftd, Gg
